Archive member included to satisfy reference by file (symbol)

/opt/st/stm32cubeide_1.16.1/plugins/com.st.stm32cube.ide.mcu.externaltools.gnu-tools-for-stm32.12.3.rel1.linux64_1.0.200.202406132123/tools/bin/../lib/gcc/arm-none-eabi/12.3.1/../../../../arm-none-eabi/lib/thumb/v7-m/nofp/libc_nano.a(libc_a-exit.o)
                              /opt/st/stm32cubeide_1.16.1/plugins/com.st.stm32cube.ide.mcu.externaltools.gnu-tools-for-stm32.12.3.rel1.linux64_1.0.200.202406132123/tools/bin/../lib/gcc/arm-none-eabi/12.3.1/../../../../arm-none-eabi/lib/thumb/v7-m/nofp/crt0.o (exit)
/opt/st/stm32cubeide_1.16.1/plugins/com.st.stm32cube.ide.mcu.externaltools.gnu-tools-for-stm32.12.3.rel1.linux64_1.0.200.202406132123/tools/bin/../lib/gcc/arm-none-eabi/12.3.1/../../../../arm-none-eabi/lib/thumb/v7-m/nofp/libc_nano.a(libc_a-findfp.o)
                              /opt/st/stm32cubeide_1.16.1/plugins/com.st.stm32cube.ide.mcu.externaltools.gnu-tools-for-stm32.12.3.rel1.linux64_1.0.200.202406132123/tools/bin/../lib/gcc/arm-none-eabi/12.3.1/../../../../arm-none-eabi/lib/thumb/v7-m/nofp/libc_nano.a(libc_a-exit.o) (__stdio_exit_handler)
/opt/st/stm32cubeide_1.16.1/plugins/com.st.stm32cube.ide.mcu.externaltools.gnu-tools-for-stm32.12.3.rel1.linux64_1.0.200.202406132123/tools/bin/../lib/gcc/arm-none-eabi/12.3.1/../../../../arm-none-eabi/lib/thumb/v7-m/nofp/libc_nano.a(libc_a-fwalk.o)
                              /opt/st/stm32cubeide_1.16.1/plugins/com.st.stm32cube.ide.mcu.externaltools.gnu-tools-for-stm32.12.3.rel1.linux64_1.0.200.202406132123/tools/bin/../lib/gcc/arm-none-eabi/12.3.1/../../../../arm-none-eabi/lib/thumb/v7-m/nofp/libc_nano.a(libc_a-findfp.o) (_fwalk_sglue)
/opt/st/stm32cubeide_1.16.1/plugins/com.st.stm32cube.ide.mcu.externaltools.gnu-tools-for-stm32.12.3.rel1.linux64_1.0.200.202406132123/tools/bin/../lib/gcc/arm-none-eabi/12.3.1/../../../../arm-none-eabi/lib/thumb/v7-m/nofp/libc_nano.a(libc_a-sprintf.o)
                              ./Core/Src/main.o (sprintf)
/opt/st/stm32cubeide_1.16.1/plugins/com.st.stm32cube.ide.mcu.externaltools.gnu-tools-for-stm32.12.3.rel1.linux64_1.0.200.202406132123/tools/bin/../lib/gcc/arm-none-eabi/12.3.1/../../../../arm-none-eabi/lib/thumb/v7-m/nofp/libc_nano.a(libc_a-stdio.o)
                              /opt/st/stm32cubeide_1.16.1/plugins/com.st.stm32cube.ide.mcu.externaltools.gnu-tools-for-stm32.12.3.rel1.linux64_1.0.200.202406132123/tools/bin/../lib/gcc/arm-none-eabi/12.3.1/../../../../arm-none-eabi/lib/thumb/v7-m/nofp/libc_nano.a(libc_a-findfp.o) (__sread)
/opt/st/stm32cubeide_1.16.1/plugins/com.st.stm32cube.ide.mcu.externaltools.gnu-tools-for-stm32.12.3.rel1.linux64_1.0.200.202406132123/tools/bin/../lib/gcc/arm-none-eabi/12.3.1/../../../../arm-none-eabi/lib/thumb/v7-m/nofp/libc_nano.a(libc_a-memset.o)
                              /opt/st/stm32cubeide_1.16.1/plugins/com.st.stm32cube.ide.mcu.externaltools.gnu-tools-for-stm32.12.3.rel1.linux64_1.0.200.202406132123/tools/bin/../lib/gcc/arm-none-eabi/12.3.1/../../../../arm-none-eabi/lib/thumb/v7-m/nofp/crt0.o (memset)
/opt/st/stm32cubeide_1.16.1/plugins/com.st.stm32cube.ide.mcu.externaltools.gnu-tools-for-stm32.12.3.rel1.linux64_1.0.200.202406132123/tools/bin/../lib/gcc/arm-none-eabi/12.3.1/../../../../arm-none-eabi/lib/thumb/v7-m/nofp/libc_nano.a(libc_a-closer.o)
                              /opt/st/stm32cubeide_1.16.1/plugins/com.st.stm32cube.ide.mcu.externaltools.gnu-tools-for-stm32.12.3.rel1.linux64_1.0.200.202406132123/tools/bin/../lib/gcc/arm-none-eabi/12.3.1/../../../../arm-none-eabi/lib/thumb/v7-m/nofp/libc_nano.a(libc_a-stdio.o) (_close_r)
/opt/st/stm32cubeide_1.16.1/plugins/com.st.stm32cube.ide.mcu.externaltools.gnu-tools-for-stm32.12.3.rel1.linux64_1.0.200.202406132123/tools/bin/../lib/gcc/arm-none-eabi/12.3.1/../../../../arm-none-eabi/lib/thumb/v7-m/nofp/libc_nano.a(libc_a-reent.o)
                              /opt/st/stm32cubeide_1.16.1/plugins/com.st.stm32cube.ide.mcu.externaltools.gnu-tools-for-stm32.12.3.rel1.linux64_1.0.200.202406132123/tools/bin/../lib/gcc/arm-none-eabi/12.3.1/../../../../arm-none-eabi/lib/thumb/v7-m/nofp/libc_nano.a(libc_a-closer.o) (errno)
/opt/st/stm32cubeide_1.16.1/plugins/com.st.stm32cube.ide.mcu.externaltools.gnu-tools-for-stm32.12.3.rel1.linux64_1.0.200.202406132123/tools/bin/../lib/gcc/arm-none-eabi/12.3.1/../../../../arm-none-eabi/lib/thumb/v7-m/nofp/libc_nano.a(libc_a-impure.o)
                              /opt/st/stm32cubeide_1.16.1/plugins/com.st.stm32cube.ide.mcu.externaltools.gnu-tools-for-stm32.12.3.rel1.linux64_1.0.200.202406132123/tools/bin/../lib/gcc/arm-none-eabi/12.3.1/../../../../arm-none-eabi/lib/thumb/v7-m/nofp/libc_nano.a(libc_a-sprintf.o) (_impure_ptr)
/opt/st/stm32cubeide_1.16.1/plugins/com.st.stm32cube.ide.mcu.externaltools.gnu-tools-for-stm32.12.3.rel1.linux64_1.0.200.202406132123/tools/bin/../lib/gcc/arm-none-eabi/12.3.1/../../../../arm-none-eabi/lib/thumb/v7-m/nofp/libc_nano.a(libc_a-lseekr.o)
[...]
Memory Configuration

Name             Origin             Length             Attributes
RAM              0x20000000         0x00002800         xrw
FLASH            0x08000000         0x00008000         xr
*default*        0x00000000         0xffffffff

Linker script and memory map

LOAD /opt/st/stm32cubeide_1.16.1/plugins/com.st.stm32cube.ide.mcu.externaltools.gnu-tools-for-stm32.12.3.rel1.linux64_1.0.200.202406132123/tools/bin/../lib/gcc/arm-none-eabi/12.3.1/thumb/v7-m/nofp/crti.o
LOAD /opt/st/stm32cubeide_1.16.1/plugins/com.st.stm32cube.ide.mcu.externaltools.gnu-tools-for-stm32.12.3.rel1.linux64_1.0.200.202406132123/tools/bin/../lib/gcc/arm-none-eabi/12.3.1/thumb/v7-m/nofp/crtbegin.o
LOAD /opt/st/stm32cubeide_1.16.1/plugins/com.st.stm32cube.ide.mcu.externaltools.gnu-tools-for-stm32.12.3.rel1.linux64_1.0.200.202406132123/tools/bin/../lib/gcc/arm-none-eabi/12.3.1/../../../../arm-none-eabi/lib/thumb/v7-m/nofp/crt0.o
LOAD ./Core/Src/main.o
LOAD ./Core/Src/stm32f1xx_hal_msp.o
LOAD ./Core/Src/stm32f1xx_it.o
LOAD ./Core/Src/syscalls.o
LOAD ./Core/Src/sysmem.o
LOAD ./Core/Src/system_stm32f1xx.o
LOAD ./Core/Startup/startup_stm32f103c6tx.o
LOAD ./Drivers/STM32F1xx_HAL_Driver/Src/stm32f1xx_hal.o
LOAD ./Drivers/STM32F1xx_HAL_Driver/Src/stm32f1xx_hal_cortex.o
LOAD ./Drivers/STM32F1xx_HAL_Driver/Src/stm32f1xx_hal_dma.o
LOAD ./Drivers/STM32F1xx_HAL_Driver/Src/stm32f1xx_hal_exti.o
LOAD ./Drivers/STM32F1xx_HAL_Driver/Src/stm32f1xx_hal_flash.o
LOAD ./Drivers/STM32F1xx_HAL_Driver/Src/stm32f1xx_hal_flash_ex.o
LOAD ./Drivers/STM32F1xx_HAL_Driver/Src/stm32f1xx_hal_gpio.o
LOAD ./Drivers/STM32F1xx_HAL_Driver/Src/stm32f1xx_hal_gpio_ex.o
LOAD ./Drivers/STM32F1xx_HAL_Driver/Src/stm32f1xx_hal_pwr.o
LOAD ./Drivers/STM32F1xx_HAL_Driver/Src/stm32f1xx_hal_rcc.o
LOAD ./Drivers/STM32F1xx_HAL_Driver/Src/stm32f1xx_hal_rcc_ex.o
LOAD ./Drivers/STM32F1xx_HAL_Driver/Src/stm32f1xx_hal_tim.o
LOAD ./Drivers/STM32F1xx_HAL_Driver/Src/stm32f1xx_hal_tim_ex.o
LOAD ./Drivers/STM32F1xx_HAL_Driver/Src/stm32f1xx_hal_uart.o
START GROUP
LOAD /opt/st/stm32cubeide_1.16.1/plugins/com.st.stm32cube.ide.mcu.externaltools.gnu-tools-for-stm32.12.3.rel1.linux64_1.0.200.202406132123/tools/bin/../lib/gcc/arm-none-eabi/12.3.1/../../../../arm-none-eabi/lib/thumb/v7-m/nofp/libc_nano.a
LOAD /opt/st/stm32cubeide_1.16.1/plugins/com.st.stm32cube.ide.mcu.externaltools.gnu-tools-for-stm32.12.3.rel1.linux64_1.0.200.202406132123/tools/bin/../lib/gcc/arm-none-eabi/12.3.1/../../../../arm-none-eabi/lib/thumb/v7-m/nofp/libm.a
END GROUP
START GROUP
LOAD /opt/st/stm32cubeide_1.16.1/plugins/com.st.stm32cube.ide.mcu.externaltools.gnu-tools-for-stm32.12.3.rel1.linux64_1.0.200.202406132123/tools/bin/../lib/gcc/arm-none-eabi/12.3.1/thumb/v7-m/nofp/libgcc.a
LOAD /opt/st/stm32cubeide_1.16.1/plugins/com.st.stm32cube.ide.mcu.externaltools.gnu-tools-for-stm32.12.3.rel1.linux64_1.0.200.202406132123/tools/bin/../lib/gcc/arm-none-eabi/12.3.1/../../../../arm-none-eabi/lib/thumb/v7-m/nofp/libc_nano.a
END GROUP
START GROUP
LOAD /opt/st/stm32cubeide_1.16.1/plugins/com.st.stm32cube.ide.mcu.externaltools.gnu-tools-for-stm32.12.3.rel1.linux64_1.0.200.202406132123/tools/bin/../lib/gcc/arm-none-eabi/12.3.1/thumb/v7-m/nofp/libgcc.a
LOAD /opt/st/stm32cubeide_1.16.1/plugins/com.st.stm32cube.ide.mcu.externaltools.gnu-tools-for-stm32.12.3.rel1.linux64_1.0.200.202406132123/tools/bin/../lib/gcc/arm-none-eabi/12.3.1/../../../../arm-none-eabi/lib/thumb/v7-m/nofp/libc_nano.a
LOAD /opt/st/stm32cubeide_1.16.1/plugins/com.st.stm32cube.ide.mcu.externaltools.gnu-tools-for-stm32.12.3.rel1.linux64_1.0.200.202406132123/tools/bin/../lib/gcc/arm-none-eabi/12.3.1/../../../../arm-none-eabi/lib/thumb/v7-m/nofp/libnosys.a
END GROUP
START GROUP
LOAD /opt/st/stm32cubeide_1.16.1/plugins/com.st.stm32cube.ide.mcu.externaltools.gnu-tools-for-stm32.12.3.rel1.linux64_1.0.200.202406132123/tools/bin/../lib/gcc/arm-none-eabi/12.3.1/thumb/v7-m/nofp/libgcc.a
LOAD /opt/st/stm32cubeide_1.16.1/plugins/com.st.stm32cube.ide.mcu.externaltools.gnu-tools-for-stm32.12.3.rel1.linux64_1.0.200.202406132123/tools/bin/../lib/gcc/arm-none-eabi/12.3.1/../../../../arm-none-eabi/lib/thumb/v7-m/nofp/libc_nano.a
LOAD /opt/st/stm32cubeide_1.16.1/plugins/com.st.stm32cube.ide.mcu.externaltools.gnu-tools-for-stm32.12.3.rel1.linux64_1.0.200.202406132123/tools/bin/../lib/gcc/arm-none-eabi/12.3.1/../../../../arm-none-eabi/lib/thumb/v7-m/nofp/libnosys.a
END GROUP
LOAD /opt/st/stm32cubeide_1.16.1/plugins/com.st.stm32cube.ide.mcu.externaltools.gnu-tools-for-stm32.12.3.rel1.linux64_1.0.200.202406132123/tools/bin/../lib/gcc/arm-none-eabi/12.3.1/thumb/v7-m/nofp/crtend.o
LOAD /opt/st/stm32cubeide_1.16.1/plugins/com.st.stm32cube.ide.mcu.externaltools.gnu-tools-for-stm32.12.3.rel1.linux64_1.0.200.202406132123/tools/bin/../lib/gcc/arm-none-eabi/12.3.1/thumb/v7-m/nofp/crtn.o
                0x20002800                        _estack = (ORIGIN (RAM) + LENGTH (RAM))
                0x00000200                        _Min_Heap_Size = 0x200
                0x00000400                        _Min_Stack_Size = 0x400

.isr_vector     0x08000000      0x10c
                0x08000000                        . = ALIGN (0x4)
 *(.isr_vector)
 .isr_vector    0x08000000      0x10c ./Core/Startup/startup_stm32f103c6tx.o
                0x08000000                g_pfnVectors
                0x0800010c                        . = ALIGN (0x4)

.text           0x0800010c     0x4834
                0x0800010c                        . = ALIGN (0x4)
 *(.text)
 .text          0x0800010c       0x40 /opt/st/stm32cubeide_1.16.1/plugins/com.st.stm32cube.ide.mcu.externaltools.gnu-tools-for-stm32.12.3.rel1.linux64_1.0.200.202406132123/tools/bin/../lib/gcc/arm-none-eabi/12.3.1/thumb/v7-m/nofp/crtbegin.o
 .text          0x0800014c       0x10 /opt/st/stm32cubeide_1.16.1/plugins/com.st.stm32cube.ide.mcu.externaltools.gnu-tools-for-stm32.12.3.rel1.linux64_1.0.200.202406132123/tools/bin/../lib/gcc/arm-none-eabi/12.3.1/../../../../arm-none-eabi/lib/thumb/v7-m/nofp/libc_nano.a(libc_a-strlen.o)
                0x0800014c                strlen
 *(.text*)
 .text.main     0x0800015c      0x1c8 ./Core/Src/main.o
                0x0800015c                main
 .text.SystemClock_Config
                0x08000324       0x76 ./Core/Src/main.o
                0x08000324                SystemClock_Config
 *fill*         0x0800039a        0x2 
 .text.MX_TIM2_Init
                0x0800039c      0x118 ./Core/Src/main.o
 .text.MX_TIM3_Init
                0x080004b4       0xa8 ./Core/Src/main.o
 .text.MX_USART1_UART_Init
                0x0800055c       0x54 ./Core/Src/main.o
 .text.MX_GPIO_Init
                0x080005b0       0xd0 ./Core/Src/main.o
 .text.Set_color
                0x08000680       0x34 ./Core/Src/main.o
                0x08000680                Set_color
 .text.UART_SendText
                0x080006b4       0x48 ./Core/Src/main.o
                0x080006b4                UART_SendText
 .text.Error_Handler
                0x080006fc        0xc ./Core/Src/main.o
                0x080006fc                Error_Handler
 .text.assert_failed
                0x08000708       0x14 ./Core/Src/main.o
                0x08000708                assert_failed
 .text.HAL_MspInit
                0x0800071c       0x64 ./Core/Src/stm32f1xx_hal_msp.o
                0x0800071c                HAL_MspInit
 .text.HAL_TIM_Base_MspInit
                0x08000780       0x48 ./Core/Src/stm32f1xx_hal_msp.o
                0x08000780                HAL_TIM_Base_MspInit
 .text.HAL_TIM_Encoder_MspInit
                0x080007c8       0x8c ./Core/Src/stm32f1xx_hal_msp.o
                0x080007c8                HAL_TIM_Encoder_MspInit
 .text.HAL_TIM_MspPostInit
                0x08000854       0x60 ./Core/Src/stm32f1xx_hal_msp.o
                0x08000854                HAL_TIM_MspPostInit
 .text.HAL_UART_MspInit
                0x080008b4       0x98 ./Core/Src/stm32f1xx_hal_msp.o
                0x080008b4                HAL_UART_MspInit
 .text.NMI_Handler
                0x0800094c        0x8 ./Core/Src/stm32f1xx_it.o
                0x0800094c                NMI_Handler
 .text.HardFault_Handler
                0x08000954        0x8 ./Core/Src/stm32f1xx_it.o
                0x08000954                HardFault_Handler
 .text.MemManage_Handler
                0x0800095c        0x8 ./Core/Src/stm32f1xx_it.o
                0x0800095c                MemManage_Handler
 .text.BusFault_Handler
                0x08000964        0x8 ./Core/Src/stm32f1xx_it.o
                0x08000964                BusFault_Handler
 .text.UsageFault_Handler
                0x0800096c        0x8 ./Core/Src/stm32f1xx_it.o
                0x0800096c                UsageFault_Handler
 .text.SVC_Handler
                0x08000974        0xc ./Core/Src/stm32f1xx_it.o
                0x08000974                SVC_Handler
 .text.DebugMon_Handler
                0x08000980        0xc ./Core/Src/stm32f1xx_it.o
                0x08000980                DebugMon_Handler
 .text.PendSV_Handler
                0x0800098c        0xc ./Core/Src/stm32f1xx_it.o
                0x0800098c                PendSV_Handler
 .text.SysTick_Handler
                0x08000998        0xc ./Core/Src/stm32f1xx_it.o
                0x08000998                SysTick_Handler
 .text.TIM2_IRQHandler
                0x080009a4       0x14 ./Core/Src/stm32f1xx_it.o
                0x080009a4                TIM2_IRQHandler
 .text.TIM3_IRQHandler
                0x080009b8       0x14 ./Core/Src/stm32f1xx_it.o
                0x080009b8                TIM3_IRQHandler
 .text._sbrk    0x080009cc       0x6c ./Core/Src/sysmem.o
                0x080009cc                _sbrk
 .text.SystemInit
                0x08000a38        0xc ./Core/Src/system_stm32f1xx.o
                0x08000a38                SystemInit
 .text.Reset_Handler
                0x08000a44       0x48 ./Core/Startup/startup_stm32f103c6tx.o
                0x08000a44                Reset_Handler
 .text.Default_Handler
                0x08000a8c        0x2 ./Core/Startup/startup_stm32f103c6tx.o
                0x08000a8c                RTC_Alarm_IRQHandler
                0x08000a8c                EXTI2_IRQHandler
                0x08000a8c                TIM1_CC_IRQHandler
                0x08000a8c                PVD_IRQHandler
                0x08000a8c                EXTI3_IRQHandler
                0x08000a8c                EXTI0_IRQHandler
                0x08000a8c                ADC1_2_IRQHandler
                0x08000a8c                SPI1_IRQHandler
                0x08000a8c                TAMPER_IRQHandler
                0x08000a8c                DMA1_Channel4_IRQHandler
                0x08000a8c                RTC_IRQHandler
                0x08000a8c                DMA1_Channel7_IRQHandler
                0x08000a8c                CAN1_RX1_IRQHandler
                0x08000a8c                I2C1_EV_IRQHandler
                0x08000a8c                DMA1_Channel6_IRQHandler
                0x08000a8c                RCC_IRQHandler
                0x08000a8c                TIM1_TRG_COM_IRQHandler
                0x08000a8c                DMA1_Channel1_IRQHandler
                0x08000a8c                Default_Handler
                0x08000a8c                EXTI15_10_IRQHandler
                0x08000a8c                EXTI9_5_IRQHandler
                0x08000a8c                DMA1_Channel5_IRQHandler
                0x08000a8c                EXTI4_IRQHandler
                0x08000a8c                USB_LP_CAN1_RX0_IRQHandler
                0x08000a8c                USB_HP_CAN1_TX_IRQHandler
                0x08000a8c                DMA1_Channel3_IRQHandler
                0x08000a8c                TIM1_UP_IRQHandler
                0x08000a8c                WWDG_IRQHandler
                0x08000a8c                TIM1_BRK_IRQHandler
                0x08000a8c                EXTI1_IRQHandler
                0x08000a8c                USART2_IRQHandler
                0x08000a8c                DMA1_Channel2_IRQHandler
                0x08000a8c                CAN1_SCE_IRQHandler
                0x08000a8c                FLASH_IRQHandler
                0x08000a8c                USART1_IRQHandler
                0x08000a8c                I2C1_ER_IRQHandler
                0x08000a8c                USBWakeUp_IRQHandler
 *fill*         0x08000a8e        0x2 
 .text.HAL_Init
                0x08000a90       0x2c ./Drivers/STM32F1xx_HAL_Driver/Src/stm32f1xx_hal.o
                0x08000a90                HAL_Init
 .text.HAL_InitTick
                0x08000abc       0x60 ./Drivers/STM32F1xx_HAL_Driver/Src/stm32f1xx_hal.o
                0x08000abc                HAL_InitTick
 .text.HAL_IncTick
                0x08000b1c       0x24 ./Drivers/STM32F1xx_HAL_Driver/Src/stm32f1xx_hal.o
                0x08000b1c                HAL_IncTick
 .text.HAL_GetTick
                0x08000b40       0x14 ./Drivers/STM32F1xx_HAL_Driver/Src/stm32f1xx_hal.o
                0x08000b40                HAL_GetTick
 .text.HAL_Delay
                0x08000b54       0x48 ./Drivers/STM32F1xx_HAL_Driver/Src/stm32f1xx_hal.o
                0x08000b54                HAL_Delay
 .text.__NVIC_SetPriorityGrouping
                0x08000b9c       0x48 ./Drivers/STM32F1xx_HAL_Driver/Src/stm32f1xx_hal_cortex.o
 .text.__NVIC_GetPriorityGrouping
                0x08000be4       0x1c ./Drivers/STM32F1xx_HAL_Driver/Src/stm32f1xx_hal_cortex.o
 .text.__NVIC_EnableIRQ
                0x08000c00       0x38 ./Drivers/STM32F1xx_HAL_Driver/Src/stm32f1xx_hal_cortex.o
 .text.__NVIC_SetPriority
                0x08000c38       0x54 ./Drivers/STM32F1xx_HAL_Driver/Src/stm32f1xx_hal_cortex.o
 .text.NVIC_EncodePriority
                0x08000c8c       0x64 ./Drivers/STM32F1xx_HAL_Driver/Src/stm32f1xx_hal_cortex.o
 .text.SysTick_Config
                0x08000cf0       0x44 ./Drivers/STM32F1xx_HAL_Driver/Src/stm32f1xx_hal_cortex.o
 .text.HAL_NVIC_SetPriorityGrouping
                0x08000d34       0x40 ./Drivers/STM32F1xx_HAL_Driver/Src/stm32f1xx_hal_cortex.o
                0x08000d34                HAL_NVIC_SetPriorityGrouping
 .text.HAL_NVIC_SetPriority
                0x08000d74       0x58 ./Drivers/STM32F1xx_HAL_Driver/Src/stm32f1xx_hal_cortex.o
                0x08000d74                HAL_NVIC_SetPriority
 .text.HAL_NVIC_EnableIRQ
                0x08000dcc       0x30 ./Drivers/STM32F1xx_HAL_Driver/Src/stm32f1xx_hal_cortex.o
                0x08000dcc                HAL_NVIC_EnableIRQ
 .text.HAL_SYSTICK_Config
                0x08000dfc       0x18 ./Drivers/STM32F1xx_HAL_Driver/Src/stm32f1xx_hal_cortex.o
                0x08000dfc                HAL_SYSTICK_Config
 .text.HAL_GPIO_Init
                0x08000e14      0x4b8 ./Drivers/STM32F1xx_HAL_Driver/Src/stm32f1xx_hal_gpio.o
                0x08000e14                HAL_GPIO_Init
 .text.HAL_RCC_OscConfig
                0x080012cc      0x6dc ./Drivers/STM32F1xx_HAL_Driver/Src/stm32f1xx_hal_rcc.o
                0x080012cc                HAL_RCC_OscConfig
 .text.HAL_RCC_ClockConfig
                0x080019a8      0x320 ./Drivers/STM32F1xx_HAL_Driver/Src/stm32f1xx_hal_rcc.o
                0x080019a8                HAL_RCC_ClockConfig
 .text.HAL_RCC_GetSysClockFreq
                0x08001cc8       0xa8 ./Drivers/STM32F1xx_HAL_Driver/Src/stm32f1xx_hal_rcc.o
                0x08001cc8                HAL_RCC_GetSysClockFreq
 .text.HAL_RCC_GetHCLKFreq
                0x08001d70       0x14 ./Drivers/STM32F1xx_HAL_Driver/Src/stm32f1xx_hal_rcc.o
                0x08001d70                HAL_RCC_GetHCLKFreq
 .text.HAL_RCC_GetPCLK1Freq
                0x08001d84       0x28 ./Drivers/STM32F1xx_HAL_Driver/Src/stm32f1xx_hal_rcc.o
                0x08001d84                HAL_RCC_GetPCLK1Freq
 .text.HAL_RCC_GetPCLK2Freq
                0x08001dac       0x28 ./Drivers/STM32F1xx_HAL_Driver/Src/stm32f1xx_hal_rcc.o
                0x08001dac                HAL_RCC_GetPCLK2Freq
 .text.RCC_Delay
                0x08001dd4       0x3c ./Drivers/STM32F1xx_HAL_Driver/Src/stm32f1xx_hal_rcc.o
 .text.HAL_TIM_Base_Init
                0x08001e10      0x160 ./Drivers/STM32F1xx_HAL_Driver/Src/stm32f1xx_hal_tim.o
                0x08001e10                HAL_TIM_Base_Init
 .text.HAL_TIM_PWM_Init
                0x08001f70      0x160 ./Drivers/STM32F1xx_HAL_Driver/Src/stm32f1xx_hal_tim.o
                0x08001f70                HAL_TIM_PWM_Init
 .text.HAL_TIM_PWM_MspInit
                0x080020d0       0x12 ./Drivers/STM32F1xx_HAL_Driver/Src/stm32f1xx_hal_tim.o
                0x080020d0                HAL_TIM_PWM_MspInit
 *fill*         0x080020e2        0x2 
 .text.HAL_TIM_PWM_Start
                0x080020e4      0x1ac ./Drivers/STM32F1xx_HAL_Driver/Src/stm32f1xx_hal_tim.o
                0x080020e4                HAL_TIM_PWM_Start
 .text.HAL_TIM_Encoder_Init
                0x08002290      0x31c ./Drivers/STM32F1xx_HAL_Driver/Src/stm32f1xx_hal_tim.o
                0x08002290                HAL_TIM_Encoder_Init
 .text.HAL_TIM_Encoder_Start
                0x080025ac      0x150 ./Drivers/STM32F1xx_HAL_Driver/Src/stm32f1xx_hal_tim.o
                0x080025ac                HAL_TIM_Encoder_Start
 .text.HAL_TIM_Encoder_Stop
                0x080026fc      0x164 ./Drivers/STM32F1xx_HAL_Driver/Src/stm32f1xx_hal_tim.o
                0x080026fc                HAL_TIM_Encoder_Stop
 .text.HAL_TIM_IRQHandler
                0x08002860      0x1e0 ./Drivers/STM32F1xx_HAL_Driver/Src/stm32f1xx_hal_tim.o
                0x08002860                HAL_TIM_IRQHandler
 .text.HAL_TIM_PWM_ConfigChannel
                0x08002a40      0x2a8 ./Drivers/STM32F1xx_HAL_Driver/Src/stm32f1xx_hal_tim.o
                0x08002a40                HAL_TIM_PWM_ConfigChannel
 .text.HAL_TIM_ConfigClockSource
                0x08002ce8      0x500 ./Drivers/STM32F1xx_HAL_Driver/Src/stm32f1xx_hal_tim.o
                0x08002ce8                HAL_TIM_ConfigClockSource
 .text.HAL_TIM_PeriodElapsedCallback
                0x080031e8       0x12 ./Drivers/STM32F1xx_HAL_Driver/Src/stm32f1xx_hal_tim.o
                0x080031e8                HAL_TIM_PeriodElapsedCallback
 .text.HAL_TIM_OC_DelayElapsedCallback
                0x080031fa       0x12 ./Drivers/STM32F1xx_HAL_Driver/Src/stm32f1xx_hal_tim.o
                0x080031fa                HAL_TIM_OC_DelayElapsedCallback
 .text.HAL_TIM_IC_CaptureCallback
                0x0800320c       0x12 ./Drivers/STM32F1xx_HAL_Driver/Src/stm32f1xx_hal_tim.o
                0x0800320c                HAL_TIM_IC_CaptureCallback
 .text.HAL_TIM_PWM_PulseFinishedCallback
                0x0800321e       0x12 ./Drivers/STM32F1xx_HAL_Driver/Src/stm32f1xx_hal_tim.o
                0x0800321e                HAL_TIM_PWM_PulseFinishedCallback
 .text.HAL_TIM_TriggerCallback
                0x08003230       0x12 ./Drivers/STM32F1xx_HAL_Driver/Src/stm32f1xx_hal_tim.o
                0x08003230                HAL_TIM_TriggerCallback
 *fill*         0x08003242        0x2 
 .text.TIM_Base_SetConfig
                0x08003244       0xc8 ./Drivers/STM32F1xx_HAL_Driver/Src/stm32f1xx_hal_tim.o
                0x08003244                TIM_Base_SetConfig
 .text.TIM_OC1_SetConfig
                0x0800330c      0x120 ./Drivers/STM32F1xx_HAL_Driver/Src/stm32f1xx_hal_tim.o
 .text.TIM_OC2_SetConfig
                0x0800342c      0x128 ./Drivers/STM32F1xx_HAL_Driver/Src/stm32f1xx_hal_tim.o
                0x0800342c                TIM_OC2_SetConfig
 .text.TIM_OC3_SetConfig
                0x08003554      0x128 ./Drivers/STM32F1xx_HAL_Driver/Src/stm32f1xx_hal_tim.o
 .text.TIM_OC4_SetConfig
                0x0800367c       0xbc ./Drivers/STM32F1xx_HAL_Driver/Src/stm32f1xx_hal_tim.o
 .text.TIM_TI1_ConfigInputStage
                0x08003738       0x5c ./Drivers/STM32F1xx_HAL_Driver/Src/stm32f1xx_hal_tim.o
 .text.TIM_TI2_ConfigInputStage
                0x08003794       0x5e ./Drivers/STM32F1xx_HAL_Driver/Src/stm32f1xx_hal_tim.o
 .text.TIM_ITRx_SetConfig
                0x080037f2       0x34 ./Drivers/STM32F1xx_HAL_Driver/Src/stm32f1xx_hal_tim.o
 .text.TIM_ETR_SetConfig
                0x08003826       0x3e ./Drivers/STM32F1xx_HAL_Driver/Src/stm32f1xx_hal_tim.o
                0x08003826                TIM_ETR_SetConfig
 .text.TIM_CCxChannelCmd
                0x08003864       0x9c ./Drivers/STM32F1xx_HAL_Driver/Src/stm32f1xx_hal_tim.o
                0x08003864                TIM_CCxChannelCmd
 .text.HAL_TIMEx_MasterConfigSynchronization
                0x08003900      0x13c ./Drivers/STM32F1xx_HAL_Driver/Src/stm32f1xx_hal_tim_ex.o
                0x08003900                HAL_TIMEx_MasterConfigSynchronization
 .text.HAL_TIMEx_CommutCallback
                0x08003a3c       0x12 ./Drivers/STM32F1xx_HAL_Driver/Src/stm32f1xx_hal_tim_ex.o
                0x08003a3c                HAL_TIMEx_CommutCallback
 .text.HAL_TIMEx_BreakCallback
                0x08003a4e       0x12 ./Drivers/STM32F1xx_HAL_Driver/Src/stm32f1xx_hal_tim_ex.o
                0x08003a4e                HAL_TIMEx_BreakCallback
 .text.HAL_UART_Init
                0x08003a60      0x140 ./Drivers/STM32F1xx_HAL_Driver/Src/stm32f1xx_hal_uart.o
                0x08003a60                HAL_UART_Init
 .text.HAL_UART_Transmit
                0x08003ba0      0x116 ./Drivers/STM32F1xx_HAL_Driver/Src/stm32f1xx_hal_uart.o
                0x08003ba0                HAL_UART_Transmit
 .text.UART_WaitOnFlagUntilTimeout
                0x08003cb6       0xb2 ./Drivers/STM32F1xx_HAL_Driver/Src/stm32f1xx_hal_uart.o
 .text.UART_EndRxTransfer
                0x08003d68       0xc4 ./Drivers/STM32F1xx_HAL_Driver/Src/stm32f1xx_hal_uart.o
 .text.UART_SetConfig
                0x08003e2c      0x19c ./Drivers/STM32F1xx_HAL_Driver/Src/stm32f1xx_hal_uart.o
 .text.sprintf  0x08003fc8       0x40 /opt/st/stm32cubeide_1.16.1/plugins/com.st.stm32cube.ide.mcu.externaltools.gnu-tools-for-stm32.12.3.rel1.linux64_1.0.200.202406132123/tools/bin/../lib/gcc/arm-none-eabi/12.3.1/../../../../arm-none-eabi/lib/thumb/v7-m/nofp/libc_nano.a(libc_a-sprintf.o)
                0x08003fc8                sprintf
                0x08003fc8                siprintf
 .text.memset   0x08004008       0x10 /opt/st/stm32cubeide_1.16.1/plugins/com.st.stm32cube.ide.mcu.externaltools.gnu-tools-for-stm32.12.3.rel1.linux64_1.0.200.202406132123/tools/bin/../lib/gcc/arm-none-eabi/12.3.1/../../../../arm-none-eabi/lib/thumb/v7-m/nofp/libc_nano.a(libc_a-memset.o)
                0x08004008                memset
 .text.__errno  0x08004018        0xc /opt/st/stm32cubeide_1.16.1/plugins/com.st.stm32cube.ide.mcu.externaltools.gnu-tools-for-stm32.12.3.rel1.linux64_1.0.200.202406132123/tools/bin/../lib/gcc/arm-none-eabi/12.3.1/../../../../arm-none-eabi/lib/thumb/v7-m/nofp/libc_nano.a(libc_a-errno.o)
                0x08004018                __errno
 .text.__libc_init_array
                0x08004024       0x48 /opt/st/stm32cubeide_1.16.1/plugins/com.st.stm32cube.ide.mcu.externaltools.gnu-tools-for-stm32.12.3.rel1.linux64_1.0.200.202406132123/tools/bin/../lib/gcc/arm-none-eabi/12.3.1/../../../../arm-none-eabi/lib/thumb/v7-m/nofp/libc_nano.a(libc_a-init.o)
                0x08004024                __libc_init_array
 .text.__retarget_lock_acquire_recursive
                0x0800406c        0x2 /opt/st/stm32cubeide_1.16.1/plugins/com.st.stm32cube.ide.mcu.externaltools.gnu-tools-for-stm32.12.3.rel1.linux64_1.0.200.202406132123/tools/bin/../lib/gcc/arm-none-eabi/12.3.1/../../../../arm-none-eabi/lib/thumb/v7-m/nofp/libc_nano.a(libc_a-lock.o)
                0x0800406c                __retarget_lock_acquire_recursive
 .text.__retarget_lock_release_recursive
                0x0800406e        0x2 /opt/st/stm32cubeide_1.16.1/plugins/com.st.stm32cube.ide.mcu.externaltools.gnu-tools-for-stm32.12.3.rel1.linux64_1.0.200.202406132123/tools/bin/../lib/gcc/arm-none-eabi/12.3.1/../../../../arm-none-eabi/lib/thumb/v7-m/nofp/libc_nano.a(libc_a-lock.o)
                0x0800406e                __retarget_lock_release_recursive
 .text._free_r  0x08004070       0x90 /opt/st/stm32cubeide_1.16.1/plugins/com.st.stm32cube.ide.mcu.externaltools.gnu-tools-for-stm32.12.3.rel1.linux64_1.0.200.202406132123/tools/bin/../lib/gcc/arm-none-eabi/12.3.1/../../../../arm-none-eabi/lib/thumb/v7-m/nofp/libc_nano.a(libc_a-freer.o)
                0x08004070                _free_r
 .text.sbrk_aligned
                0x08004100       0x44 /opt/st/stm32cubeide_1.16.1/plugins/com.st.stm32cube.ide.mcu.externaltools.gnu-tools-for-stm32.12.3.rel1.linux64_1.0.200.202406132123/tools/bin/../lib/gcc/arm-none-eabi/12.3.1/../../../../arm-none-eabi/lib/thumb/v7-m/nofp/libc_nano.a(libc_a-mallocr.o)
 .text._malloc_r
                0x08004144      0x100 /opt/st/stm32cubeide_1.16.1/plugins/com.st.stm32cube.ide.mcu.externaltools.gnu-tools-for-stm32.12.3.rel1.linux64_1.0.200.202406132123/tools/bin/../lib/gcc/arm-none-eabi/12.3.1/../../../../arm-none-eabi/lib/thumb/v7-m/nofp/libc_nano.a(libc_a-mallocr.o)
                0x08004144                _malloc_r
 .text.__malloc_lock
                0x08004244        0xc /opt/st/stm32cubeide_1.16.1/plugins/com.st.stm32cube.ide.mcu.externaltools.gnu-tools-for-stm32.12.3.rel1.linux64_1.0.200.202406132123/tools/bin/../lib/gcc/arm-none-eabi/12.3.1/../../../../arm-none-eabi/lib/thumb/v7-m/nofp/libc_nano.a(libc_a-mlock.o)
                0x08004244                __malloc_lock
 .text.__malloc_unlock
                0x08004250        0xc /opt/st/stm32cubeide_1.16.1/plugins/com.st.stm32cube.ide.mcu.externaltools.gnu-tools-for-stm32.12.3.rel1.linux64_1.0.200.202406132123/tools/bin/../lib/gcc/arm-none-eabi/12.3.1/../../../../arm-none-eabi/lib/thumb/v7-m/nofp/libc_nano.a(libc_a-mlock.o)
                0x08004250                __malloc_unlock
 .text.__ssputs_r
                0x0800425c       0xb6 /opt/st/stm32cubeide_1.16.1/plugins/com.st.stm32cube.ide.mcu.externaltools.gnu-tools-for-stm32.12.3.rel1.linux64_1.0.200.202406132123/tools/bin/../lib/gcc/arm-none-eabi/12.3.1/../../../../arm-none-eabi/lib/thumb/v7-m/nofp/libc_nano.a(libc_a-nano-svfprintf.o)
                0x0800425c                __ssputs_r
 *fill*         0x08004312        0x2 
 .text._svfprintf_r
                0x08004314      0x1f8 /opt/st/stm32cubeide_1.16.1/plugins/com.st.stm32cube.ide.mcu.externaltools.gnu-tools-for-stm32.12.3.rel1.linux64_1.0.200.202406132123/tools/bin/../lib/gcc/arm-none-eabi/12.3.1/../../../../arm-none-eabi/lib/thumb/v7-m/nofp/libc_nano.a(libc_a-nano-svfprintf.o)
                0x08004314                _svfprintf_r
                0x08004314                _svfiprintf_r
 .text._printf_common
                0x0800450c       0xe4 /opt/st/stm32cubeide_1.16.1/plugins/com.st.stm32cube.ide.mcu.externaltools.gnu-tools-for-stm32.12.3.rel1.linux64_1.0.200.202406132123/tools/bin/../lib/gcc/arm-none-eabi/12.3.1/../../../../arm-none-eabi/lib/thumb/v7-m/nofp/libc_nano.a(libc_a-nano-vfprintf_i.o)
                0x0800450c                _printf_common
 .text._printf_i
                0x080045f0      0x240 /opt/st/stm32cubeide_1.16.1/plugins/com.st.stm32cube.ide.mcu.externaltools.gnu-tools-for-stm32.12.3.rel1.linux64_1.0.200.202406132123/tools/bin/../lib/gcc/arm-none-eabi/12.3.1/../../../../arm-none-eabi/lib/thumb/v7-m/nofp/libc_nano.a(libc_a-nano-vfprintf_i.o)
                0x080045f0                _printf_i
 .text.memmove  0x08004830       0x34 /opt/st/stm32cubeide_1.16.1/plugins/com.st.stm32cube.ide.mcu.externaltools.gnu-tools-for-stm32.12.3.rel1.linux64_1.0.200.202406132123/tools/bin/../lib/gcc/arm-none-eabi/12.3.1/../../../../arm-none-eabi/lib/thumb/v7-m/nofp/libc_nano.a(libc_a-memmove.o)
                0x08004830                memmove
 .text._sbrk_r  0x08004864       0x20 /opt/st/stm32cubeide_1.16.1/plugins/com.st.stm32cube.ide.mcu.externaltools.gnu-tools-for-stm32.12.3.rel1.linux64_1.0.200.202406132123/tools/bin/../lib/gcc/arm-none-eabi/12.3.1/../../../../arm-none-eabi/lib/thumb/v7-m/nofp/libc_nano.a(libc_a-sbrkr.o)
                0x08004864                _sbrk_r
 .text.memchr   0x08004884       0x1c /opt/st/stm32cubeide_1.16.1/plugins/com.st.stm32cube.ide.mcu.externaltools.gnu-tools-for-stm32.12.3.rel1.linux64_1.0.200.202406132123/tools/bin/../lib/gcc/arm-none-eabi/12.3.1/../../../../arm-none-eabi/lib/thumb/v7-m/nofp/libc_nano.a(libc_a-memchr-stub.o)
                0x08004884                memchr
 .text.memcpy   0x080048a0       0x1c /opt/st/stm32cubeide_1.16.1/plugins/com.st.stm32cube.ide.mcu.externaltools.gnu-tools-for-stm32.12.3.rel1.linux64_1.0.200.202406132123/tools/bin/../lib/gcc/arm-none-eabi/12.3.1/../../../../arm-none-eabi/lib/thumb/v7-m/nofp/libc_nano.a(libc_a-memcpy-stub.o)
                0x080048a0                memcpy
 .text._realloc_r
                0x080048bc       0x5c /opt/st/stm32cubeide_1.16.1/plugins/com.st.stm32cube.ide.mcu.externaltools.gnu-tools-for-stm32.12.3.rel1.linux64_1.0.200.202406132123/tools/bin/../lib/gcc/arm-none-eabi/12.3.1/../../../../arm-none-eabi/lib/thumb/v7-m/nofp/libc_nano.a(libc_a-reallocr.o)
                0x080048bc                _realloc_r
 .text._malloc_usable_size_r
                0x08004918       0x10 /opt/st/stm32cubeide_1.16.1/plugins/com.st.stm32cube.ide.mcu.externaltools.gnu-tools-for-stm32.12.3.rel1.linux64_1.0.200.202406132123/tools/bin/../lib/gcc/arm-none-eabi/12.3.1/../../../../arm-none-eabi/lib/thumb/v7-m/nofp/libc_nano.a(libc_a-msizer.o)
                0x08004918                _malloc_usable_size_r
 *(.glue_7)
 .glue_7        0x08004928        0x0 linker stubs
 *(.glue_7t)
 .glue_7t       0x08004928        0x0 linker stubs
 *(.eh_frame)
 .eh_frame      0x08004928        0x0 /opt/st/stm32cubeide_1.16.1/plugins/com.st.stm32cube.ide.mcu.externaltools.gnu-tools-for-stm32.12.3.rel1.linux64_1.0.200.202406132123/tools/bin/../lib/gcc/arm-none-eabi/12.3.1/thumb/v7-m/nofp/crtbegin.o
 *(.init)
 .init          0x08004928        0x4 /opt/st/stm32cubeide_1.16.1/plugins/com.st.stm32cube.ide.mcu.externaltools.gnu-tools-for-stm32.12.3.rel1.linux64_1.0.200.202406132123/tools/bin/../lib/gcc/arm-none-eabi/12.3.1/thumb/v7-m/nofp/crti.o
                0x08004928                _init
 .init          0x0800492c        0x8 /opt/st/stm32cubeide_1.16.1/plugins/com.st.stm32cube.ide.mcu.externaltools.gnu-tools-for-stm32.12.3.rel1.linux64_1.0.200.202406132123/tools/bin/../lib/gcc/arm-none-eabi/12.3.1/thumb/v7-m/nofp/crtn.o
 *(.fini)
 .fini          0x08004934        0x4 /opt/st/stm32cubeide_1.16.1/plugins/com.st.stm32cube.ide.mcu.externaltools.gnu-tools-for-stm32.12.3.rel1.linux64_1.0.200.202406132123/tools/bin/../lib/gcc/arm-none-eabi/12.3.1/thumb/v7-m/nofp/crti.o
                0x08004934                _fini
 .fini          0x08004938        0x8 /opt/st/stm32cubeide_1.16.1/plugins/com.st.stm32cube.ide.mcu.externaltools.gnu-tools-for-stm32.12.3.rel1.linux64_1.0.200.202406132123/tools/bin/../lib/gcc/arm-none-eabi/12.3.1/thumb/v7-m/nofp/crtn.o
                0x08004940                        . = ALIGN (0x4)
                0x08004940                        _etext = .

.vfp11_veneer   0x08004940        0x0
 .vfp11_veneer  0x08004940        0x0 linker stubs

.v4_bx          0x08004940        0x0
 .v4_bx         0x08004940        0x0 linker stubs

.iplt           0x08004940        0x0
 .iplt          0x08004940        0x0 /opt/st/stm32cubeide_1.16.1/plugins/com.st.stm32cube.ide.mcu.externaltools.gnu-tools-for-stm32.12.3.rel1.linux64_1.0.200.202406132123/tools/bin/../lib/gcc/arm-none-eabi/12.3.1/thumb/v7-m/nofp/crtbegin.o

.rodata         0x08004940      0x1c8
                0x08004940                        . = ALIGN (0x4)
 *(.rodata)
 .rodata        0x08004940        0x5 ./Core/Src/main.o
 *fill*         0x08004945        0x3 
 .rodata        0x08004948       0x3b ./Drivers/STM32F1xx_HAL_Driver/Src/stm32f1xx_hal_cortex.o
 *fill*         0x08004983        0x1 
 .rodata        0x08004984       0x39 ./Drivers/STM32F1xx_HAL_Driver/Src/stm32f1xx_hal_gpio.o
 *fill*         0x080049bd        0x3 
 .rodata        0x080049c0       0x38 ./Drivers/STM32F1xx_HAL_Driver/Src/stm32f1xx_hal_rcc.o
 .rodata        0x080049f8       0x38 ./Drivers/STM32F1xx_HAL_Driver/Src/stm32f1xx_hal_tim.o
 .rodata        0x08004a30       0x3b ./Drivers/STM32F1xx_HAL_Driver/Src/stm32f1xx_hal_tim_ex.o
 *fill*         0x08004a6b        0x1 
 .rodata        0x08004a6c       0x39 ./Drivers/STM32F1xx_HAL_Driver/Src/stm32f1xx_hal_uart.o
 *(.rodata*)
 *fill*         0x08004aa5        0x3 
 .rodata.AHBPrescTable
                0x08004aa8       0x10 ./Core/Src/system_stm32f1xx.o
                0x08004aa8                AHBPrescTable
 .rodata.APBPrescTable
                0x08004ab8        0x8 ./Core/Src/system_stm32f1xx.o
                0x08004ab8                APBPrescTable
 .rodata.aPLLMULFactorTable.1
                0x08004ac0       0x10 ./Drivers/STM32F1xx_HAL_Driver/Src/stm32f1xx_hal_rcc.o
 .rodata.aPredivFactorTable.0
                0x08004ad0        0x2 ./Drivers/STM32F1xx_HAL_Driver/Src/stm32f1xx_hal_rcc.o
 .rodata._svfprintf_r.str1.1
                0x08004ad2       0x11 /opt/st/stm32cubeide_1.16.1/plugins/com.st.stm32cube.ide.mcu.externaltools.gnu-tools-for-stm32.12.3.rel1.linux64_1.0.200.202406132123/tools/bin/../lib/gcc/arm-none-eabi/12.3.1/../../../../arm-none-eabi/lib/thumb/v7-m/nofp/libc_nano.a(libc_a-nano-svfprintf.o)
 .rodata._printf_i.str1.1
                0x08004ae3       0x22 /opt/st/stm32cubeide_1.16.1/plugins/com.st.stm32cube.ide.mcu.externaltools.gnu-tools-for-stm32.12.3.rel1.linux64_1.0.200.202406132123/tools/bin/../lib/gcc/arm-none-eabi/12.3.1/../../../../arm-none-eabi/lib/thumb/v7-m/nofp/libc_nano.a(libc_a-nano-vfprintf_i.o)
                0x08004b08                        . = ALIGN (0x4)
 *fill*         0x08004b05        0x3 

.ARM.extab      0x08004b08        0x0
                0x08004b08                        . = ALIGN (0x4)
 *(.ARM.extab* .gnu.linkonce.armextab.*)
                0x08004b08                        . = ALIGN (0x4)

.ARM            0x08004b08        0x8
                0x08004b08                        . = ALIGN (0x4)
                0x08004b08                        __exidx_start = .
 *(.ARM.exidx*)
 .ARM.exidx     0x08004b08        0x8 /opt/st/stm32cubeide_1.16.1/plugins/com.st.stm32cube.ide.mcu.externaltools.gnu-tools-for-stm32.12.3.rel1.linux64_1.0.200.202406132123/tools/bin/../lib/gcc/arm-none-eabi/12.3.1/../../../../arm-none-eabi/lib/thumb/v7-m/nofp/libc_nano.a(libc_a-strlen.o)
                0x08004b10                        __exidx_end = .
                0x08004b10                        . = ALIGN (0x4)

.preinit_array  0x08004b10        0x0
                0x08004b10                        . = ALIGN (0x4)
                0x08004b10                        PROVIDE (__preinit_array_start = .)
 *(.preinit_array*)
                0x08004b10                        PROVIDE (__preinit_array_end = .)
                0x08004b10                        . = ALIGN (0x4)

.init_array     0x08004b10        0x4
                0x08004b10                        . = ALIGN (0x4)
                0x08004b10                        PROVIDE (__init_array_start = .)
 *(SORT_BY_NAME(.init_array.*))
 *(.init_array*)
 .init_array    0x08004b10        0x4 /opt/st/stm32cubeide_1.16.1/plugins/com.st.stm32cube.ide.mcu.externaltools.gnu-tools-for-stm32.12.3.rel1.linux64_1.0.200.202406132123/tools/bin/../lib/gcc/arm-none-eabi/12.3.1/thumb/v7-m/nofp/crtbegin.o
                0x08004b14                        PROVIDE (__init_array_end = .)
                0x08004b14                        . = ALIGN (0x4)

.fini_array     0x08004b14        0x4
                0x08004b14                        . = ALIGN (0x4)
                [!provide]                        PROVIDE (__fini_array_start = .)
 *(SORT_BY_NAME(.fini_array.*))
 *(.fini_array*)
 .fini_array    0x08004b14        0x4 /opt/st/stm32cubeide_1.16.1/plugins/com.st.stm32cube.ide.mcu.externaltools.gnu-tools-for-stm32.12.3.rel1.linux64_1.0.200.202406132123/tools/bin/../lib/gcc/arm-none-eabi/12.3.1/thumb/v7-m/nofp/crtbegin.o
                [!provide]                        PROVIDE (__fini_array_end = .)
                0x08004b18                        . = ALIGN (0x4)
                0x08004b18                        _sidata = LOADADDR (.data)

.rel.dyn        0x08004b18        0x0
 .rel.iplt      0x08004b18        0x0 /opt/st/stm32cubeide_1.16.1/plugins/com.st.stm32cube.ide.mcu.externaltools.gnu-tools-for-stm32.12.3.rel1.linux64_1.0.200.202406132123/tools/bin/../lib/gcc/arm-none-eabi/12.3.1/thumb/v7-m/nofp/crtbegin.o

.data           0x20000000       0x5c load address 0x08004b18
                0x20000000                        . = ALIGN (0x4)
                0x20000000                        _sdata = .
 *(.data)
 *(.data*)
 .data.SystemCoreClock
                0x20000000        0x4 ./Core/Src/system_stm32f1xx.o
                0x20000000                SystemCoreClock
 .data.uwTickPrio
                0x20000004        0x4 ./Drivers/STM32F1xx_HAL_Driver/Src/stm32f1xx_hal.o
                0x20000004                uwTickPrio
 .data.uwTickFreq
                0x20000008        0x1 ./Drivers/STM32F1xx_HAL_Driver/Src/stm32f1xx_hal.o
                0x20000008                uwTickFreq
 *fill*         0x20000009        0x3 
 .data._impure_ptr
                0x2000000c        0x4 /opt/st/stm32cubeide_1.16.1/plugins/com.st.stm32cube.ide.mcu.externaltools.gnu-tools-for-stm32.12.3.rel1.linux64_1.0.200.202406132123/tools/bin/../lib/gcc/arm-none-eabi/12.3.1/../../../../arm-none-eabi/lib/thumb/v7-m/nofp/libc_nano.a(libc_a-impure.o)
                0x2000000c                _impure_ptr
 .data._impure_data
                0x20000010       0x4c /opt/st/stm32cubeide_1.16.1/plugins/com.st.stm32cube.ide.mcu.externaltools.gnu-tools-for-stm32.12.3.rel1.linux64_1.0.200.202406132123/tools/bin/../lib/gcc/arm-none-eabi/12.3.1/../../../../arm-none-eabi/lib/thumb/v7-m/nofp/libc_nano.a(libc_a-impure.o)
                0x20000010                _impure_data
 *(.RamFunc)
 *(.RamFunc*)
                0x2000005c                        . = ALIGN (0x4)
                0x2000005c                        _edata = .

.igot.plt       0x2000005c        0x0 load address 0x08004b74
 .igot.plt      0x2000005c        0x0 /opt/st/stm32cubeide_1.16.1/plugins/com.st.stm32cube.ide.mcu.externaltools.gnu-tools-for-stm32.12.3.rel1.linux64_1.0.200.202406132123/tools/bin/../lib/gcc/arm-none-eabi/12.3.1/thumb/v7-m/nofp/crtbegin.o
                0x2000005c                        . = ALIGN (0x4)

.bss            0x2000005c      0x244 load address 0x08004b74
                0x2000005c                        _sbss = .
                0x2000005c                        __bss_start__ = _sbss
 *(.bss)
 .bss           0x2000005c       0x1c /opt/st/stm32cubeide_1.16.1/plugins/com.st.stm32cube.ide.mcu.externaltools.gnu-tools-for-stm32.12.3.rel1.linux64_1.0.200.202406132123/tools/bin/../lib/gcc/arm-none-eabi/12.3.1/thumb/v7-m/nofp/crtbegin.o
 *(.bss*)
 .bss.htim2     0x20000078       0x48 ./Core/Src/main.o
                0x20000078                htim2
 .bss.htim3     0x200000c0       0x48 ./Core/Src/main.o
                0x200000c0                htim3
 .bss.huart1    0x20000108       0x48 ./Core/Src/main.o
                0x20000108                huart1
 .bss.__sbrk_heap_end
                0x20000150        0x4 ./Core/Src/sysmem.o
 .bss.uwTick    0x20000154        0x4 ./Drivers/STM32F1xx_HAL_Driver/Src/stm32f1xx_hal.o
                0x20000154                uwTick
 .bss.__sf      0x20000158      0x138 /opt/st/stm32cubeide_1.16.1/plugins/com.st.stm32cube.ide.mcu.externaltools.gnu-tools-for-stm32.12.3.rel1.linux64_1.0.200.202406132123/tools/bin/../lib/gcc/arm-none-eabi/12.3.1/../../../../arm-none-eabi/lib/thumb/v7-m/nofp/libc_nano.a(libc_a-findfp.o)
                0x20000158                __sf
 .bss.errno     0x20000290        0x4 /opt/st/stm32cubeide_1.16.1/plugins/com.st.stm32cube.ide.mcu.externaltools.gnu-tools-for-stm32.12.3.rel1.linux64_1.0.200.202406132123/tools/bin/../lib/gcc/arm-none-eabi/12.3.1/../../../../arm-none-eabi/lib/thumb/v7-m/nofp/libc_nano.a(libc_a-reent.o)
                0x20000290                errno
 .bss.__lock___malloc_recursive_mutex
                0x20000294        0x1 /opt/st/stm32cubeide_1.16.1/plugins/com.st.stm32cube.ide.mcu.externaltools.gnu-tools-for-stm32.12.3.rel1.linux64_1.0.200.202406132123/tools/bin/../lib/gcc/arm-none-eabi/12.3.1/../../../../arm-none-eabi/lib/thumb/v7-m/nofp/libc_nano.a(libc_a-lock.o)
                0x20000294                __lock___malloc_recursive_mutex
 *fill*         0x20000295        0x3 
 .bss.__malloc_sbrk_start
                0x20000298        0x4 /opt/st/stm32cubeide_1.16.1/plugins/com.st.stm32cube.ide.mcu.externaltools.gnu-tools-for-stm32.12.3.rel1.linux64_1.0.200.202406132123/tools/bin/../lib/gcc/arm-none-eabi/12.3.1/../../../../arm-none-eabi/lib/thumb/v7-m/nofp/libc_nano.a(libc_a-mallocr.o)
                0x20000298                __malloc_sbrk_start
 .bss.__malloc_free_list
                0x2000029c        0x4 /opt/st/stm32cubeide_1.16.1/plugins/com.st.stm32cube.ide.mcu.externaltools.gnu-tools-for-stm32.12.3.rel1.linux64_1.0.200.202406132123/tools/bin/../lib/gcc/arm-none-eabi/12.3.1/../../../../arm-none-eabi/lib/thumb/v7-m/nofp/libc_nano.a(libc_a-mallocr.o)
                0x2000029c                __malloc_free_list
 *(COMMON)
                0x200002a0                        . = ALIGN (0x4)
                0x200002a0                        _ebss = .
                0x200002a0                        __bss_end__ = _ebss

._user_heap_stack
                0x200002a0      0x600 load address 0x08004b74
                0x200002a0                        . = ALIGN (0x8)
                [!provide]                        PROVIDE (end = .)
                0x200002a0                        PROVIDE (_end = .)
                0x200004a0                        . = (. + _Min_Heap_Size)
 *fill*         0x200002a0      0x200 
                0x200008a0                        . = (. + _Min_Stack_Size)
 *fill*         0x200004a0      0x400 
                0x200008a0                        . = ALIGN (0x8)

/DISCARD/
 libc.a(*)
 libm.a(*)
 libgcc.a(*)

.ARM.attributes
                0x00000000       0x29
 *(.ARM.attributes)
 .ARM.attributes
                0x00000000       0x1d /opt/st/stm32cubeide_1.16.1/plugins/com.st.stm32cube.ide.mcu.externaltools.gnu-tools-for-stm32.12.3.rel1.linux64_1.0.200.202406132123/tools/bin/../lib/gcc/arm-none-eabi/12.3.1/thumb/v7-m/nofp/crti.o
 .ARM.attributes
                0x0000001d       0x2d /opt/st/stm32cubeide_1.16.1/plugins/com.st.stm32cube.ide.mcu.externaltools.gnu-tools-for-stm32.12.3.rel1.linux64_1.0.200.202406132123/tools/bin/../lib/gcc/arm-none-eabi/12.3.1/thumb/v7-m/nofp/crtbegin.o
 .ARM.attributes
                0x0000004a       0x2d ./Core/Src/main.o
 .ARM.attributes
                0x00000077       0x2d ./Core/Src/stm32f1xx_hal_msp.o
 .ARM.attributes
                0x000000a4       0x2d ./Core/Src/stm32f1xx_it.o
 .ARM.attributes
                0x000000d1       0x2d ./Core/Src/sysmem.o
 .ARM.attributes
                0x000000fe       0x2d ./Core/Src/system_stm32f1xx.o
 .ARM.attributes
                0x0000012b       0x21 ./Core/Startup/startup_stm32f103c6tx.o
 .ARM.attributes
                0x0000014c       0x2d ./Drivers/STM32F1xx_HAL_Driver/Src/stm32f1xx_hal.o
 .ARM.attributes
                0x00000179       0x2d ./Drivers/STM32F1xx_HAL_Driver/Src/stm32f1xx_hal_cortex.o
 .ARM.attributes
                0x000001a6       0x2d ./Drivers/STM32F1xx_HAL_Driver/Src/stm32f1xx_hal_gpio.o
 .ARM.attributes
                0x000001d3       0x2d ./Drivers/STM32F1xx_HAL_Driver/Src/stm32f1xx_hal_rcc.o
 .ARM.attributes
                0x00000200       0x2d ./Drivers/STM32F1xx_HAL_Driver/Src/stm32f1xx_hal_tim.o
 .ARM.attributes
                0x0000022d       0x2d ./Drivers/STM32F1xx_HAL_Driver/Src/stm32f1xx_hal_tim_ex.o
 .ARM.attributes
                0x0000025a       0x2d ./Drivers/STM32F1xx_HAL_Driver/Src/stm32f1xx_hal_uart.o
 .ARM.attributes
                0x00000287       0x2d /opt/st/stm32cubeide_1.16.1/plugins/com.st.stm32cube.ide.mcu.externaltools.gnu-tools-for-stm32.12.3.rel1.linux64_1.0.200.202406132123/tools/bin/../lib/gcc/arm-none-eabi/12.3.1/../../../../arm-none-eabi/lib/thumb/v7-m/nofp/libc_nano.a(libc_a-findfp.o)
 .ARM.attributes
                0x000002b4       0x2d /opt/st/stm32cubeide_1.16.1/plugins/com.st.stm32cube.ide.mcu.externaltools.gnu-tools-for-stm32.12.3.rel1.linux64_1.0.200.202406132123/tools/bin/../lib/gcc/arm-none-eabi/12.3.1/../../../../arm-none-eabi/lib/thumb/v7-m/nofp/libc_nano.a(libc_a-sprintf.o)
 .ARM.attributes
                0x000002e1       0x2d /opt/st/stm32cubeide_1.16.1/plugins/com.st.stm32cube.ide.mcu.externaltools.gnu-tools-for-stm32.12.3.rel1.linux64_1.0.200.202406132123/tools/bin/../lib/gcc/arm-none-eabi/12.3.1/../../../../arm-none-eabi/lib/thumb/v7-m/nofp/libc_nano.a(libc_a-memset.o)
 .ARM.attributes
                0x0000030e       0x2d /opt/st/stm32cubeide_1.16.1/plugins/com.st.stm32cube.ide.mcu.externaltools.gnu-tools-for-stm32.12.3.rel1.linux64_1.0.200.202406132123/tools/bin/../lib/gcc/arm-none-eabi/12.3.1/../../../../arm-none-eabi/lib/thumb/v7-m/nofp/libc_nano.a(libc_a-reent.o)
 .ARM.attributes
                0x0000033b       0x2d /opt/st/stm32cubeide_1.16.1/plugins/com.st.stm32cube.ide.mcu.externaltools.gnu-tools-for-stm32.12.3.rel1.linux64_1.0.200.202406132123/tools/bin/../lib/gcc/arm-none-eabi/12.3.1/../../../../arm-none-eabi/lib/thumb/v7-m/nofp/libc_nano.a(libc_a-impure.o)
 .ARM.attributes
                0x00000368       0x2d /opt/st/stm32cubeide_1.16.1/plugins/com.st.stm32cube.ide.mcu.externaltools.gnu-tools-for-stm32.12.3.rel1.linux64_1.0.200.202406132123/tools/bin/../lib/gcc/arm-none-eabi/12.3.1/../../../../arm-none-eabi/lib/thumb/v7-m/nofp/libc_nano.a(libc_a-errno.o)
 .ARM.attributes
                0x00000395       0x2d /opt/st/stm32cubeide_1.16.1/plugins/com.st.stm32cube.ide.mcu.externaltools.gnu-tools-for-stm32.12.3.rel1.linux64_1.0.200.202406132123/tools/bin/../lib/gcc/arm-none-eabi/12.3.1/../../../../arm-none-eabi/lib/thumb/v7-m/nofp/libc_nano.a(libc_a-init.o)
 .ARM.attributes
                0x000003c2       0x2d /opt/st/stm32cubeide_1.16.1/plugins/com.st.stm32cube.ide.mcu.externaltools.gnu-tools-for-stm32.12.3.rel1.linux64_1.0.200.202406132123/tools/bin/../lib/gcc/arm-none-eabi/12.3.1/../../../../arm-none-eabi/lib/thumb/v7-m/nofp/libc_nano.a(libc_a-lock.o)
 .ARM.attributes
                0x000003ef       0x17 /opt/st/stm32cubeide_1.16.1/plugins/com.st.stm32cube.ide.mcu.externaltools.gnu-tools-for-stm32.12.3.rel1.linux64_1.0.200.202406132123/tools/bin/../lib/gcc/arm-none-eabi/12.3.1/../../../../arm-none-eabi/lib/thumb/v7-m/nofp/libc_nano.a(libc_a-strlen.o)
 .ARM.attributes
                0x00000406       0x2d /opt/st/stm32cubeide_1.16.1/plugins/com.st.stm32cube.ide.mcu.externaltools.gnu-tools-for-stm32.12.3.rel1.linux64_1.0.200.202406132123/tools/bin/../lib/gcc/arm-none-eabi/12.3.1/../../../../arm-none-eabi/lib/thumb/v7-m/nofp/libc_nano.a(libc_a-freer.o)
 .ARM.attributes
                0x00000433       0x2d /opt/st/stm32cubeide_1.16.1/plugins/com.st.stm32cube.ide.mcu.externaltools.gnu-tools-for-stm32.12.3.rel1.linux64_1.0.200.202406132123/tools/bin/../lib/gcc/arm-none-eabi/12.3.1/../../../../arm-none-eabi/lib/thumb/v7-m/nofp/libc_nano.a(libc_a-mallocr.o)
 .ARM.attributes
                0x00000460       0x2d /opt/st/stm32cubeide_1.16.1/plugins/com.st.stm32cube.ide.mcu.externaltools.gnu-tools-for-stm32.12.3.rel1.linux64_1.0.200.202406132123/tools/bin/../lib/gcc/arm-none-eabi/12.3.1/../../../../arm-none-eabi/lib/thumb/v7-m/nofp/libc_nano.a(libc_a-mlock.o)
 .ARM.attributes
                0x0000048d       0x2d /opt/st/stm32cubeide_1.16.1/plugins/com.st.stm32cube.ide.mcu.externaltools.gnu-tools-for-stm32.12.3.rel1.linux64_1.0.200.202406132123/tools/bin/../lib/gcc/arm-none-eabi/12.3.1/../../../../arm-none-eabi/lib/thumb/v7-m/nofp/libc_nano.a(libc_a-nano-svfprintf.o)
 .ARM.attributes
                0x000004ba       0x2d /opt/st/stm32cubeide_1.16.1/plugins/com.st.stm32cube.ide.mcu.externaltools.gnu-tools-for-stm32.12.3.rel1.linux64_1.0.200.202406132123/tools/bin/../lib/gcc/arm-none-eabi/12.3.1/../../../../arm-none-eabi/lib/thumb/v7-m/nofp/libc_nano.a(libc_a-nano-vfprintf_i.o)
 .ARM.attributes
                0x000004e7       0x2d /opt/st/stm32cubeide_1.16.1/plugins/com.st.stm32cube.ide.mcu.externaltools.gnu-tools-for-stm32.12.3.rel1.linux64_1.0.200.202406132123/tools/bin/../lib/gcc/arm-none-eabi/12.3.1/../../../../arm-none-eabi/lib/thumb/v7-m/nofp/libc_nano.a(libc_a-memmove.o)
 .ARM.attributes
                0x00000514       0x2d /opt/st/stm32cubeide_1.16.1/plugins/com.st.stm32cube.ide.mcu.externaltools.gnu-tools-for-stm32.12.3.rel1.linux64_1.0.200.202406132123/tools/bin/../lib/gcc/arm-none-eabi/12.3.1/../../../../arm-none-eabi/lib/thumb/v7-m/nofp/libc_nano.a(libc_a-sbrkr.o)
 .ARM.attributes
                0x00000541       0x2d /opt/st/stm32cubeide_1.16.1/plugins/com.st.stm32cube.ide.mcu.externaltools.gnu-tools-for-stm32.12.3.rel1.linux64_1.0.200.202406132123/tools/bin/../lib/gcc/arm-none-eabi/12.3.1/../../../../arm-none-eabi/lib/thumb/v7-m/nofp/libc_nano.a(libc_a-memchr-stub.o)
 .ARM.attributes
                0x0000056e       0x2d /opt/st/stm32cubeide_1.16.1/plugins/com.st.stm32cube.ide.mcu.externaltools.gnu-tools-for-stm32.12.3.rel1.linux64_1.0.200.202406132123/tools/bin/../lib/gcc/arm-none-eabi/12.3.1/../../../../arm-none-eabi/lib/thumb/v7-m/nofp/libc_nano.a(libc_a-memcpy-stub.o)
 .ARM.attributes
                0x0000059b       0x2d /opt/st/stm32cubeide_1.16.1/plugins/com.st.stm32cube.ide.mcu.externaltools.gnu-tools-for-stm32.12.3.rel1.linux64_1.0.200.202406132123/tools/bin/../lib/gcc/arm-none-eabi/12.3.1/../../../../arm-none-eabi/lib/thumb/v7-m/nofp/libc_nano.a(libc_a-reallocr.o)
 .ARM.attributes
                0x000005c8       0x2d /opt/st/stm32cubeide_1.16.1/plugins/com.st.stm32cube.ide.mcu.externaltools.gnu-tools-for-stm32.12.3.rel1.linux64_1.0.200.202406132123/tools/bin/../lib/gcc/arm-none-eabi/12.3.1/../../../../arm-none-eabi/lib/thumb/v7-m/nofp/libc_nano.a(libc_a-msizer.o)
 .ARM.attributes
                0x000005f5       0x1d /opt/st/stm32cubeide_1.16.1/plugins/com.st.stm32cube.ide.mcu.externaltools.gnu-tools-for-stm32.12.3.rel1.linux64_1.0.200.202406132123/tools/bin/../lib/gcc/arm-none-eabi/12.3.1/thumb/v7-m/nofp/crtn.o
OUTPUT(f103c6t6a.elf elf32-littlearm)
LOAD linker stubs
LOAD /opt/st/stm32cubeide_1.16.1/plugins/com.st.stm32cube.ide.mcu.externaltools.gnu-tools-for-stm32.12.3.rel1.linux64_1.0.200.202406132123/tools/bin/../lib/gcc/arm-none-eabi/12.3.1/../../../../arm-none-eabi/lib/thumb/v7-m/nofp/libc.a
LOAD /opt/st/stm32cubeide_1.16.1/plugins/com.st.stm32cube.ide.mcu.externaltools.gnu-tools-for-stm32.12.3.rel1.linux64_1.0.200.202406132123/tools/bin/../lib/gcc/arm-none-eabi/12.3.1/../../../../arm-none-eabi/lib/thumb/v7-m/nofp/libm.a
LOAD /opt/st/stm32cubeide_1.16.1/plugins/com.st.stm32cube.ide.mcu.externaltools.gnu-tools-for-stm32.12.3.rel1.linux64_1.0.200.202406132123/tools/bin/../lib/gcc/arm-none-eabi/12.3.1/thumb/v7-m/nofp/libgcc.a

.debug_info     0x00000000     0xb76b
 .debug_info    0x00000000     0x11f3 ./Core/Src/main.o
 .debug_info    0x000011f3      0xde5 ./Core/Src/stm32f1xx_hal_msp.o
 .debug_info    0x00001fd8      0x6b9 ./Core/Src/stm32f1xx_it.o
 .debug_info    0x00002691      0x168 ./Core/Src/sysmem.o
 .debug_info    0x000027f9      0x222 ./Core/Src/system_stm32f1xx.o
 .debug_info    0x00002a1b       0x30 ./Core/Startup/startup_stm32f103c6tx.o
 .debug_info    0x00002a4b      0x71d ./Drivers/STM32F1xx_HAL_Driver/Src/stm32f1xx_hal.o
 .debug_info    0x00003168      0xa83 ./Drivers/STM32F1xx_HAL_Driver/Src/stm32f1xx_hal_cortex.o
 .debug_info    0x00003beb      0x5dc ./Drivers/STM32F1xx_HAL_Driver/Src/stm32f1xx_hal_gpio.o
 .debug_info    0x000041c7      0x7f0 ./Drivers/STM32F1xx_HAL_Driver/Src/stm32f1xx_hal_rcc.o
 .debug_info    0x000049b7     0x29c3 ./Drivers/STM32F1xx_HAL_Driver/Src/stm32f1xx_hal_tim.o
 .debug_info    0x0000737a     0x14ef ./Drivers/STM32F1xx_HAL_Driver/Src/stm32f1xx_hal_tim_ex.o
 .debug_info    0x00008869     0x2f02 ./Drivers/STM32F1xx_HAL_Driver/Src/stm32f1xx_hal_uart.o

.debug_abbrev   0x00000000     0x1a90
 .debug_abbrev  0x00000000      0x326 ./Core/Src/main.o
 .debug_abbrev  0x00000326      0x209 ./Core/Src/stm32f1xx_hal_msp.o
 .debug_abbrev  0x0000052f      0x193 ./Core/Src/stm32f1xx_it.o
 .debug_abbrev  0x000006c2       0xbc ./Core/Src/sysmem.o
 .debug_abbrev  0x0000077e      0x13f ./Core/Src/system_stm32f1xx.o
 .debug_abbrev  0x000008bd       0x24 ./Core/Startup/startup_stm32f103c6tx.o
 .debug_abbrev  0x000008e1      0x209 ./Drivers/STM32F1xx_HAL_Driver/Src/stm32f1xx_hal.o
 .debug_abbrev  0x00000aea      0x2fa ./Drivers/STM32F1xx_HAL_Driver/Src/stm32f1xx_hal_cortex.o
 .debug_abbrev  0x00000de4      0x1e7 ./Drivers/STM32F1xx_HAL_Driver/Src/stm32f1xx_hal_gpio.o
 .debug_abbrev  0x00000fcb      0x2ad ./Drivers/STM32F1xx_HAL_Driver/Src/stm32f1xx_hal_rcc.o
 .debug_abbrev  0x00001278      0x28b ./Drivers/STM32F1xx_HAL_Driver/Src/stm32f1xx_hal_tim.o
 .debug_abbrev  0x00001503      0x280 ./Drivers/STM32F1xx_HAL_Driver/Src/stm32f1xx_hal_tim_ex.o
 .debug_abbrev  0x00001783      0x30d ./Drivers/STM32F1xx_HAL_Driver/Src/stm32f1xx_hal_uart.o

.debug_aranges  0x00000000      0xba8
 .debug_aranges
                0x00000000       0x68 ./Core/Src/main.o
 .debug_aranges
                0x00000068       0x58 ./Core/Src/stm32f1xx_hal_msp.o
 .debug_aranges
                0x000000c0       0x70 ./Core/Src/stm32f1xx_it.o
 .debug_aranges
                0x00000130       0x20 ./Core/Src/sysmem.o
 .debug_aranges
                0x00000150       0x28 ./Core/Src/system_stm32f1xx.o
 .debug_aranges
                0x00000178       0x28 ./Core/Startup/startup_stm32f103c6tx.o
 .debug_aranges
                0x000001a0       0xe0 ./Drivers/STM32F1xx_HAL_Driver/Src/stm32f1xx_hal.o
 .debug_aranges
                0x00000280      0x100 ./Drivers/STM32F1xx_HAL_Driver/Src/stm32f1xx_hal_cortex.o
 .debug_aranges
                0x00000380       0x58 ./Drivers/STM32F1xx_HAL_Driver/Src/stm32f1xx_hal_gpio.o
 .debug_aranges
                0x000003d8       0x90 ./Drivers/STM32F1xx_HAL_Driver/Src/stm32f1xx_hal_rcc.o
 .debug_aranges
                0x00000468      0x3d0 ./Drivers/STM32F1xx_HAL_Driver/Src/stm32f1xx_hal_tim.o
 .debug_aranges
                0x00000838      0x168 ./Drivers/STM32F1xx_HAL_Driver/Src/stm32f1xx_hal_tim_ex.o
 .debug_aranges
                0x000009a0      0x208 ./Drivers/STM32F1xx_HAL_Driver/Src/stm32f1xx_hal_uart.o

.debug_rnglists
                0x00000000      0x935
 .debug_rnglists
                0x00000000       0x4d ./Core/Src/main.o
 .debug_rnglists
                0x0000004d       0x3f ./Core/Src/stm32f1xx_hal_msp.o
 .debug_rnglists
                0x0000008c       0x4f ./Core/Src/stm32f1xx_it.o
 .debug_rnglists
                0x000000db       0x13 ./Core/Src/sysmem.o
 .debug_rnglists
                0x000000ee       0x1a ./Core/Src/system_stm32f1xx.o
 .debug_rnglists
                0x00000108       0x19 ./Core/Startup/startup_stm32f103c6tx.o
 .debug_rnglists
                0x00000121       0xa3 ./Drivers/STM32F1xx_HAL_Driver/Src/stm32f1xx_hal.o
 .debug_rnglists
                0x000001c4       0xbb ./Drivers/STM32F1xx_HAL_Driver/Src/stm32f1xx_hal_cortex.o
 .debug_rnglists
                0x0000027f       0x40 ./Drivers/STM32F1xx_HAL_Driver/Src/stm32f1xx_hal_gpio.o
 .debug_rnglists
                0x000002bf       0x6e ./Drivers/STM32F1xx_HAL_Driver/Src/stm32f1xx_hal_rcc.o
 .debug_rnglists
                0x0000032d      0x321 ./Drivers/STM32F1xx_HAL_Driver/Src/stm32f1xx_hal_tim.o
 .debug_rnglists
                0x0000064e      0x127 ./Drivers/STM32F1xx_HAL_Driver/Src/stm32f1xx_hal_tim_ex.o
 .debug_rnglists
                0x00000775      0x1c0 ./Drivers/STM32F1xx_HAL_Driver/Src/stm32f1xx_hal_uart.o

.debug_macro    0x00000000    0x174bf
 .debug_macro   0x00000000      0x2be ./Core/Src/main.o
 .debug_macro   0x000002be      0xaa8 ./Core/Src/main.o
 .debug_macro   0x00000d66      0x222 ./Core/Src/main.o
 .debug_macro   0x00000f88       0x2e ./Core/Src/main.o
 .debug_macro   0x00000fb6       0x22 ./Core/Src/main.o
 .debug_macro   0x00000fd8       0x22 ./Core/Src/main.o
 .debug_macro   0x00000ffa       0x8e ./Core/Src/main.o
 .debug_macro   0x00001088       0x51 ./Core/Src/main.o
 .debug_macro   0x000010d9      0x103 ./Core/Src/main.o
 .debug_macro   0x000011dc       0x6a ./Core/Src/main.o
 .debug_macro   0x00001246      0x1df ./Core/Src/main.o
 .debug_macro   0x00001425       0x1c ./Core/Src/main.o
 .debug_macro   0x00001441       0x22 ./Core/Src/main.o
 .debug_macro   0x00001463       0xbd ./Core/Src/main.o
 .debug_macro   0x00001520      0xd23 ./Core/Src/main.o
 .debug_macro   0x00002243     0xde75 ./Core/Src/main.o
 .debug_macro   0x000100b8       0x6d ./Core/Src/main.o
 .debug_macro   0x00010125     0x34a2 ./Core/Src/main.o
 .debug_macro   0x000135c7      0x189 ./Core/Src/main.o
 .debug_macro   0x00013750       0x5c ./Core/Src/main.o
 .debug_macro   0x000137ac      0x5bc ./Core/Src/main.o
 .debug_macro   0x00013d68      0x1b7 ./Core/Src/main.o
 .debug_macro   0x00013f1f      0x1cb ./Core/Src/main.o
 .debug_macro   0x000140ea      0x114 ./Core/Src/main.o
 .debug_macro   0x000141fe      0x1b2 ./Core/Src/main.o
 .debug_macro   0x000143b0       0x27 ./Core/Src/main.o
 .debug_macro   0x000143d7      0x12f ./Core/Src/main.o
 .debug_macro   0x00014506      0x1bc ./Core/Src/main.o
 .debug_macro   0x000146c2       0x34 ./Core/Src/main.o
 .debug_macro   0x000146f6       0x3c ./Core/Src/main.o
 .debug_macro   0x00014732       0x57 ./Core/Src/main.o
 .debug_macro   0x00014789       0x87 ./Core/Src/main.o
 .debug_macro   0x00014810      0x183 ./Core/Src/main.o
 .debug_macro   0x00014993      0x140 ./Core/Src/main.o
 .debug_macro   0x00014ad3      0x8ed ./Core/Src/main.o
 .debug_macro   0x000153c0      0x28e ./Core/Src/main.o
 .debug_macro   0x0001564e       0x69 ./Core/Src/main.o
 .debug_macro   0x000156b7       0x34 ./Core/Src/main.o
 .debug_macro   0x000156eb       0x61 ./Core/Src/main.o
 .debug_macro   0x0001574c       0x24 ./Core/Src/main.o
 .debug_macro   0x00015770       0x43 ./Core/Src/main.o
 .debug_macro   0x000157b3       0x34 ./Core/Src/main.o
 .debug_macro   0x000157e7       0x16 ./Core/Src/main.o
 .debug_macro   0x000157fd       0x43 ./Core/Src/main.o
 .debug_macro   0x00015840       0x34 ./Core/Src/main.o
 .debug_macro   0x00015874       0x10 ./Core/Src/main.o
 .debug_macro   0x00015884       0x58 ./Core/Src/main.o
 .debug_macro   0x000158dc       0x8e ./Core/Src/main.o
 .debug_macro   0x0001596a       0x1c ./Core/Src/main.o
 .debug_macro   0x00015986      0x177 ./Core/Src/main.o
 .debug_macro   0x00015afd      0x369 ./Core/Src/main.o
 .debug_macro   0x00015e66       0x10 ./Core/Src/main.o
 .debug_macro   0x00015e76       0x35 ./Core/Src/main.o
 .debug_macro   0x00015eab       0x20 ./Core/Src/main.o
 .debug_macro   0x00015ecb       0x1c ./Core/Src/main.o
 .debug_macro   0x00015ee7       0x10 ./Core/Src/main.o
 .debug_macro   0x00015ef7       0x1c ./Core/Src/main.o
 .debug_macro   0x00015f13       0x16 ./Core/Src/main.o
 .debug_macro   0x00015f29      0x146 ./Core/Src/main.o
 .debug_macro   0x0001606f      0x1b0 ./Core/Src/stm32f1xx_hal_msp.o
 .debug_macro   0x0001621f      0x1ba ./Core/Src/stm32f1xx_it.o
 .debug_macro   0x000163d9       0xff ./Core/Src/sysmem.o
 .debug_macro   0x000164d8      0x23c ./Core/Src/sysmem.o
 .debug_macro   0x00016714      0x1a1 ./Core/Src/system_stm32f1xx.o
 .debug_macro   0x000168b5      0x1c5 ./Drivers/STM32F1xx_HAL_Driver/Src/stm32f1xx_hal.o
 .debug_macro   0x00016a7a      0x1a1 ./Drivers/STM32F1xx_HAL_Driver/Src/stm32f1xx_hal_cortex.o
 .debug_macro   0x00016c1b      0x20c ./Drivers/STM32F1xx_HAL_Driver/Src/stm32f1xx_hal_gpio.o
 .debug_macro   0x00016e27      0x1b3 ./Drivers/STM32F1xx_HAL_Driver/Src/stm32f1xx_hal_rcc.o
 .debug_macro   0x00016fda      0x1a2 ./Drivers/STM32F1xx_HAL_Driver/Src/stm32f1xx_hal_tim.o
 .debug_macro   0x0001717c      0x1a1 ./Drivers/STM32F1xx_HAL_Driver/Src/stm32f1xx_hal_tim_ex.o
 .debug_macro   0x0001731d      0x1a2 ./Drivers/STM32F1xx_HAL_Driver/Src/stm32f1xx_hal_uart.o

.debug_line     0x00000000     0xddee
 .debug_line    0x00000000      0xa32 ./Core/Src/main.o
 .debug_line    0x00000a32      0x74e ./Core/Src/stm32f1xx_hal_msp.o
 .debug_line    0x00001180      0x73c ./Core/Src/stm32f1xx_it.o
 .debug_line    0x000018bc      0x4b8 ./Core/Src/sysmem.o
 .debug_line    0x00001d74      0x6c8 ./Core/Src/system_stm32f1xx.o
 .debug_line    0x0000243c       0x78 ./Core/Startup/startup_stm32f103c6tx.o
 .debug_line    0x000024b4      0x909 ./Drivers/STM32F1xx_HAL_Driver/Src/stm32f1xx_hal.o
 .debug_line    0x00002dbd      0xb6e ./Drivers/STM32F1xx_HAL_Driver/Src/stm32f1xx_hal_cortex.o
 .debug_line    0x0000392b      0xac5 ./Drivers/STM32F1xx_HAL_Driver/Src/stm32f1xx_hal_gpio.o
 .debug_line    0x000043f0      0xed3 ./Drivers/STM32F1xx_HAL_Driver/Src/stm32f1xx_hal_rcc.o
 .debug_line    0x000052c3     0x4677 ./Drivers/STM32F1xx_HAL_Driver/Src/stm32f1xx_hal_tim.o
 .debug_line    0x0000993a     0x1bbf ./Drivers/STM32F1xx_HAL_Driver/Src/stm32f1xx_hal_tim_ex.o
 .debug_line    0x0000b4f9     0x28f5 ./Drivers/STM32F1xx_HAL_Driver/Src/stm32f1xx_hal_uart.o

.debug_str      0x00000000    0x880be
 .debug_str     0x00000000    0x8541a ./Core/Src/main.o
                              0x8583c (size before relaxing)
 .debug_str     0x0008541a      0x37e ./Core/Src/stm32f1xx_hal_msp.o
                              0x81f39 (size before relaxing)
 .debug_str     0x00085798       0xfc ./Core/Src/stm32f1xx_it.o
                              0x81984 (size before relaxing)
 .debug_str     0x00085894      0x4dc ./Core/Src/sysmem.o
                               0x6077 (size before relaxing)
 .debug_str     0x00085d70       0x7e ./Core/Src/system_stm32f1xx.o
                              0x813d9 (size before relaxing)
 .debug_str     0x00085dee       0x44 ./Core/Startup/startup_stm32f103c6tx.o
                                 0x82 (size before relaxing)
 .debug_str     0x00085e32      0x378 ./Drivers/STM32F1xx_HAL_Driver/Src/stm32f1xx_hal.o
                              0x81af2 (size before relaxing)
 .debug_str     0x000861aa      0x294 ./Drivers/STM32F1xx_HAL_Driver/Src/stm32f1xx_hal_cortex.o
                              0x81a2c (size before relaxing)
 .debug_str     0x0008643e      0x322 ./Drivers/STM32F1xx_HAL_Driver/Src/stm32f1xx_hal_gpio.o
                              0x8177f (size before relaxing)
 .debug_str     0x00086760      0x229 ./Drivers/STM32F1xx_HAL_Driver/Src/stm32f1xx_hal_rcc.o
                              0x81816 (size before relaxing)
 .debug_str     0x00086989      0xc7e ./Drivers/STM32F1xx_HAL_Driver/Src/stm32f1xx_hal_tim.o
                              0x8282a (size before relaxing)
 .debug_str     0x00087607      0x493 ./Drivers/STM32F1xx_HAL_Driver/Src/stm32f1xx_hal_tim_ex.o
                              0x82036 (size before relaxing)
 .debug_str     0x00087a9a      0x624 ./Drivers/STM32F1xx_HAL_Driver/Src/stm32f1xx_hal_uart.o
                              0x81e87 (size before relaxing)

.comment        0x00000000       0x43
 .comment       0x00000000       0x43 ./Core/Src/main.o
                                 0x44 (size before relaxing)
 .comment       0x00000043       0x44 ./Core/Src/stm32f1xx_hal_msp.o
 .comment       0x00000043       0x44 ./Core/Src/stm32f1xx_it.o
 .comment       0x00000043       0x44 ./Core/Src/sysmem.o
 .comment       0x00000043       0x44 ./Core/Src/system_stm32f1xx.o
 .comment       0x00000043       0x44 ./Drivers/STM32F1xx_HAL_Driver/Src/stm32f1xx_hal.o
 .comment       0x00000043       0x44 ./Drivers/STM32F1xx_HAL_Driver/Src/stm32f1xx_hal_cortex.o
 .comment       0x00000043       0x44 ./Drivers/STM32F1xx_HAL_Driver/Src/stm32f1xx_hal_gpio.o
 .comment       0x00000043       0x44 ./Drivers/STM32F1xx_HAL_Driver/Src/stm32f1xx_hal_rcc.o
 .comment       0x00000043       0x44 ./Drivers/STM32F1xx_HAL_Driver/Src/stm32f1xx_hal_tim.o
 .comment       0x00000043       0x44 ./Drivers/STM32F1xx_HAL_Driver/Src/stm32f1xx_hal_tim_ex.o
 .comment       0x00000043       0x44 ./Drivers/STM32F1xx_HAL_Driver/Src/stm32f1xx_hal_uart.o

.debug_frame    0x00000000     0x35b8
 .debug_frame   0x00000000      0x168 ./Core/Src/main.o
 .debug_frame   0x00000168      0x134 ./Core/Src/stm32f1xx_hal_msp.o
 .debug_frame   0x0000029c      0x13c ./Core/Src/stm32f1xx_it.o
 .debug_frame   0x000003d8       0x34 ./Core/Src/sysmem.o
 .debug_frame   0x0000040c       0x58 ./Core/Src/system_stm32f1xx.o
 .debug_frame   0x00000464      0x334 ./Drivers/STM32F1xx_HAL_Driver/Src/stm32f1xx_hal.o
 .debug_frame   0x00000798      0x424 ./Drivers/STM32F1xx_HAL_Driver/Src/stm32f1xx_hal_cortex.o
 .debug_frame   0x00000bbc      0x138 ./Drivers/STM32F1xx_HAL_Driver/Src/stm32f1xx_hal_gpio.o
 .debug_frame   0x00000cf4      0x214 ./Drivers/STM32F1xx_HAL_Driver/Src/stm32f1xx_hal_rcc.o
 .debug_frame   0x00000f08     0x11a8 ./Drivers/STM32F1xx_HAL_Driver/Src/stm32f1xx_hal_tim.o
 .debug_frame   0x000020b0      0x624 ./Drivers/STM32F1xx_HAL_Driver/Src/stm32f1xx_hal_tim_ex.o
 .debug_frame   0x000026d4      0x938 ./Drivers/STM32F1xx_HAL_Driver/Src/stm32f1xx_hal_uart.o
 .debug_frame   0x0000300c      0x144 /opt/st/stm32cubeide_1.16.1/plugins/com.st.stm32cube.ide.mcu.externaltools.gnu-tools-for-stm32.12.3.rel1.linux64_1.0.200.202406132123/tools/bin/../lib/gcc/arm-none-eabi/12.3.1/../../../../arm-none-eabi/lib/thumb/v7-m/nofp/libc_nano.a(libc_a-findfp.o)
 .debug_frame   0x00003150       0x6c /opt/st/stm32cubeide_1.16.1/plugins/com.st.stm32cube.ide.mcu.externaltools.gnu-tools-for-stm32.12.3.rel1.linux64_1.0.200.202406132123/tools/bin/../lib/gcc/arm-none-eabi/12.3.1/../../../../arm-none-eabi/lib/thumb/v7-m/nofp/libc_nano.a(libc_a-sprintf.o)
 .debug_frame   0x000031bc       0x20 /opt/st/stm32cubeide_1.16.1/plugins/com.st.stm32cube.ide.mcu.externaltools.gnu-tools-for-stm32.12.3.rel1.linux64_1.0.200.202406132123/tools/bin/../lib/gcc/arm-none-eabi/12.3.1/../../../../arm-none-eabi/lib/thumb/v7-m/nofp/libc_nano.a(libc_a-memset.o)
 .debug_frame   0x000031dc       0x38 /opt/st/stm32cubeide_1.16.1/plugins/com.st.stm32cube.ide.mcu.externaltools.gnu-tools-for-stm32.12.3.rel1.linux64_1.0.200.202406132123/tools/bin/../lib/gcc/arm-none-eabi/12.3.1/../../../../arm-none-eabi/lib/thumb/v7-m/nofp/libc_nano.a(libc_a-reent.o)
 .debug_frame   0x00003214       0x20 /opt/st/stm32cubeide_1.16.1/plugins/com.st.stm32cube.ide.mcu.externaltools.gnu-tools-for-stm32.12.3.rel1.linux64_1.0.200.202406132123/tools/bin/../lib/gcc/arm-none-eabi/12.3.1/../../../../arm-none-eabi/lib/thumb/v7-m/nofp/libc_nano.a(libc_a-errno.o)
 .debug_frame   0x00003234       0x2c /opt/st/stm32cubeide_1.16.1/plugins/com.st.stm32cube.ide.mcu.externaltools.gnu-tools-for-stm32.12.3.rel1.linux64_1.0.200.202406132123/tools/bin/../lib/gcc/arm-none-eabi/12.3.1/../../../../arm-none-eabi/lib/thumb/v7-m/nofp/libc_nano.a(libc_a-init.o)
 .debug_frame   0x00003260       0xb0 /opt/st/stm32cubeide_1.16.1/plugins/com.st.stm32cube.ide.mcu.externaltools.gnu-tools-for-stm32.12.3.rel1.linux64_1.0.200.202406132123/tools/bin/../lib/gcc/arm-none-eabi/12.3.1/../../../../arm-none-eabi/lib/thumb/v7-m/nofp/libc_nano.a(libc_a-lock.o)
 .debug_frame   0x00003310       0x38 /opt/st/stm32cubeide_1.16.1/plugins/com.st.stm32cube.ide.mcu.externaltools.gnu-tools-for-stm32.12.3.rel1.linux64_1.0.200.202406132123/tools/bin/../lib/gcc/arm-none-eabi/12.3.1/../../../../arm-none-eabi/lib/thumb/v7-m/nofp/libc_nano.a(libc_a-freer.o)
 .debug_frame   0x00003348       0x50 /opt/st/stm32cubeide_1.16.1/plugins/com.st.stm32cube.ide.mcu.externaltools.gnu-tools-for-stm32.12.3.rel1.linux64_1.0.200.202406132123/tools/bin/../lib/gcc/arm-none-eabi/12.3.1/../../../../arm-none-eabi/lib/thumb/v7-m/nofp/libc_nano.a(libc_a-mallocr.o)
 .debug_frame   0x00003398       0x30 /opt/st/stm32cubeide_1.16.1/plugins/com.st.stm32cube.ide.mcu.externaltools.gnu-tools-for-stm32.12.3.rel1.linux64_1.0.200.202406132123/tools/bin/../lib/gcc/arm-none-eabi/12.3.1/../../../../arm-none-eabi/lib/thumb/v7-m/nofp/libc_nano.a(libc_a-mlock.o)
 .debug_frame   0x000033c8       0x90 /opt/st/stm32cubeide_1.16.1/plugins/com.st.stm32cube.ide.mcu.externaltools.gnu-tools-for-stm32.12.3.rel1.linux64_1.0.200.202406132123/tools/bin/../lib/gcc/arm-none-eabi/12.3.1/../../../../arm-none-eabi/lib/thumb/v7-m/nofp/libc_nano.a(libc_a-nano-svfprintf.o)
 .debug_frame   0x00003458       0x60 /opt/st/stm32cubeide_1.16.1/plugins/com.st.stm32cube.ide.mcu.externaltools.gnu-tools-for-stm32.12.3.rel1.linux64_1.0.200.202406132123/tools/bin/../lib/gcc/arm-none-eabi/12.3.1/../../../../arm-none-eabi/lib/thumb/v7-m/nofp/libc_nano.a(libc_a-nano-vfprintf_i.o)
 .debug_frame   0x000034b8       0x28 /opt/st/stm32cubeide_1.16.1/plugins/com.st.stm32cube.ide.mcu.externaltools.gnu-tools-for-stm32.12.3.rel1.linux64_1.0.200.202406132123/tools/bin/../lib/gcc/arm-none-eabi/12.3.1/../../../../arm-none-eabi/lib/thumb/v7-m/nofp/libc_nano.a(libc_a-memmove.o)
 .debug_frame   0x000034e0       0x2c /opt/st/stm32cubeide_1.16.1/plugins/com.st.stm32cube.ide.mcu.externaltools.gnu-tools-for-stm32.12.3.rel1.linux64_1.0.200.202406132123/tools/bin/../lib/gcc/arm-none-eabi/12.3.1/../../../../arm-none-eabi/lib/thumb/v7-m/nofp/libc_nano.a(libc_a-sbrkr.o)
 .debug_frame   0x0000350c       0x28 /opt/st/stm32cubeide_1.16.1/plugins/com.st.stm32cube.ide.mcu.externaltools.gnu-tools-for-stm32.12.3.rel1.linux64_1.0.200.202406132123/tools/bin/../lib/gcc/arm-none-eabi/12.3.1/../../../../arm-none-eabi/lib/thumb/v7-m/nofp/libc_nano.a(libc_a-memchr-stub.o)
 .debug_frame   0x00003534       0x28 /opt/st/stm32cubeide_1.16.1/plugins/com.st.stm32cube.ide.mcu.externaltools.gnu-tools-for-stm32.12.3.rel1.linux64_1.0.200.202406132123/tools/bin/../lib/gcc/arm-none-eabi/12.3.1/../../../../arm-none-eabi/lib/thumb/v7-m/nofp/libc_nano.a(libc_a-memcpy-stub.o)
 .debug_frame   0x0000355c       0x3c /opt/st/stm32cubeide_1.16.1/plugins/com.st.stm32cube.ide.mcu.externaltools.gnu-tools-for-stm32.12.3.rel1.linux64_1.0.200.202406132123/tools/bin/../lib/gcc/arm-none-eabi/12.3.1/../../../../arm-none-eabi/lib/thumb/v7-m/nofp/libc_nano.a(libc_a-reallocr.o)
 .debug_frame   0x00003598       0x20 /opt/st/stm32cubeide_1.16.1/plugins/com.st.stm32cube.ide.mcu.externaltools.gnu-tools-for-stm32.12.3.rel1.linux64_1.0.200.202406132123/tools/bin/../lib/gcc/arm-none-eabi/12.3.1/../../../../arm-none-eabi/lib/thumb/v7-m/nofp/libc_nano.a(libc_a-msizer.o)

.debug_line_str
                0x00000000       0x66
 .debug_line_str
                0x00000000       0x66 ./Core/Startup/startup_stm32f103c6tx.o
