../Core/Src/main.c:78:5:main	24	static
../Core/Src/main.c:173:6:SystemClock_Config	72	static
../Core/Src/main.c:210:13:MX_TIM2_Init	64	static
../Core/Src/main.c:277:13:MX_TIM3_Init	56	static
../Core/Src/main.c:326:13:MX_USART1_UART_Init	8	static
../Core/Src/main.c:359:13:MX_GPIO_Init	40	static
../Core/Src/main.c:399:6:Set_color	24	static
../Core/Src/main.c:406:6:UART_SendText	120	static
../Core/Src/main.c:427:6:Error_Handler	4	static,ignoring_inline_asm
../Core/Src/main.c:446:6:assert_failed	16	static
