../Core/Src/main.c:78:5:main	24	static
../Core/Src/main.c:186:6:SystemClock_Config	72	static
../Core/Src/main.c:223:13:MX_TIM2_Init	64	static
../Core/Src/main.c:290:13:MX_TIM3_Init	56	static
../Core/Src/main.c:339:13:MX_USART1_UART_Init	8	static
../Core/Src/main.c:372:13:MX_GPIO_Init	40	static
../Core/Src/main.c:412:6:Set_color	24	static
../Core/Src/main.c:419:6:UART_SendText	120	static
../Core/Src/main.c:440:6:Error_Handler	4	static,ignoring_inline_asm
../Core/Src/main.c:459:6:assert_failed	16	static
